Request timeout: 0.1s

🚀  Resting delay.yml ...

🎬  timeout started ...

❌  Error: request timed out: timeout
